Hinst Name           Module Name                       Inst Count           Total Area               Buffer             Inverter        Combinational                 Flop                Latch           Clock Gate                Macro             Physical
-----------------------------------------------------------------------------------------------------------------------------------------------------------------------------------------------------------------------------------------------------------------------
FIFO                                                          390             5440.597              498.797               71.149             1347.282             3523.370                0.000                0.000                0.000                0.000
 fifomem             FIFO_memory_DATA_SIZE8_ADDR_SIZE4        252             3923.770              239.180               32.547              951.423             2700.619                0.000                0.000                0.000                0.000
 rptr_empty_inst     rptr_empty_ADDR_SIZE4                     35              289.893               15.895                4.541              149.109              120.347                0.000                0.000                0.000                0.000
 sync_r2w            two_ff_sync_SIZE5                         10              204.363                0.000                0.000                0.000              204.363                0.000                0.000                0.000                0.000
 sync_w2r            two_ff_sync_SIZE5_1                       11              212.689                8.326                0.000                0.000              204.363                0.000                0.000                0.000                0.000
 wptr_full_inst      wptr_full_ADDR_SIZE4                      60              454.897               43.900               34.060              246.749              130.187                0.000                0.000                0.000                0.000
