Hinst Name           Module Name                       Inst Count           Total Area               Buffer             Inverter        Combinational                 Flop                Latch           Clock Gate                Macro             Physical
-----------------------------------------------------------------------------------------------------------------------------------------------------------------------------------------------------------------------------------------------------------------------
FIFO                                                          358             5065.175              279.296               65.850             1286.730             3433.298                0.000                0.000                0.000                0.000
 fifomem             FIFO_memory_DATA_SIZE8_ADDR_SIZE4        232             3650.529               93.856               26.492              914.335             2615.846                0.000                0.000                0.000                0.000
 rptr_empty_inst     rptr_empty_ADDR_SIZE4                     35              289.893               15.895                4.541              149.109              120.347                0.000                0.000                0.000                0.000
 sync_r2w            two_ff_sync_SIZE5                         10              204.363                0.000                0.000                0.000              204.363                0.000                0.000                0.000                0.000
 sync_w2r            two_ff_sync_SIZE5_1                       10              204.363                0.000                0.000                0.000              204.363                0.000                0.000                0.000                0.000
 wptr_full_inst      wptr_full_ADDR_SIZE4                      53              399.643               16.652               34.817              223.286              124.889                0.000                0.000                0.000                0.000
