Hinst Name           Module Name                       Inst Count           Total Area               Buffer             Inverter        Combinational                 Flop                Latch           Clock Gate                Macro             Physical
-----------------------------------------------------------------------------------------------------------------------------------------------------------------------------------------------------------------------------------------------------------------------
FIFO                                                          400             5508.718              536.642               81.745             1422.972             3467.359                0.000                0.000                0.000                0.000
 fifomem             FIFO_memory_DATA_SIZE8_ADDR_SIZE4        247             3891.223              293.677               19.679              954.451             2623.415                0.000                0.000                0.000                0.000
 rptr_empty_inst     rptr_empty_ADDR_SIZE4                     35              286.865               15.895                4.541              146.082              120.347                0.000                0.000                0.000                0.000
 sync_r2w            two_ff_sync_SIZE5                         10              209.661                0.000                0.000                0.000              209.661                0.000                0.000                0.000                0.000
 sync_w2r            two_ff_sync_SIZE5_1                       10              204.363                0.000                0.000                0.000              204.363                0.000                0.000                0.000                0.000
 wptr_full_inst      wptr_full_ADDR_SIZE4                      77              569.946               43.900               57.524              322.439              146.082                0.000                0.000                0.000                0.000
